V3 11
FL C:/hlocal/otro/pcores/coprocesador_v1_00_a/hdl/vhdl/coprocesador.vhd 2020/11/16.12:18:09 P.15xf
EN coprocesador_v1_00_a/coprocesador 1605548743 \
      FL C:/hlocal/otro/pcores/coprocesador_v1_00_a/hdl/vhdl/coprocesador.vhd \
      PB ieee/std_logic_1164 1335251622 PB ieee/std_logic_arith 1335251623 \
      PB ieee/STD_LOGIC_UNSIGNED 1335251625 LB proc_common_v3_00_a \
      PB proc_common_v3_00_a/proc_common_pkg 1605548722 \
      PB proc_common_v3_00_a/ipif_pkg 1605548734 LB plbv46_slave_single_v1_01_a \
      EN plbv46_slave_single_v1_01_a/plbv46_slave_single 1605548739 \
      LB coprocesador_v1_00_a EN coprocesador_v1_00_a/user_logic 1605548741
AR coprocesador_v1_00_a/coprocesador/IMP 1605548744 \
      FL C:/hlocal/otro/pcores/coprocesador_v1_00_a/hdl/vhdl/coprocesador.vhd \
      EN coprocesador_v1_00_a/coprocesador 1605548743 \
      CP plbv46_slave_single_v1_01_a/plbv46_slave_single \
      CP coprocesador_v1_00_a/user_logic
FL C:/hlocal/otro/pcores/coprocesador_v1_00_a/hdl/vhdl/user_logic.vhd 2020/11/16.18:45:10 P.15xf
EN coprocesador_v1_00_a/user_logic 1605548741 \
      FL C:/hlocal/otro/pcores/coprocesador_v1_00_a/hdl/vhdl/user_logic.vhd \
      PB ieee/std_logic_1164 1335251622 PB ieee/std_logic_arith 1335251623 \
      PB ieee/STD_LOGIC_UNSIGNED 1335251625 LB proc_common_v3_00_a \
      PB proc_common_v3_00_a/proc_common_pkg 1605548722
AR coprocesador_v1_00_a/user_logic/IMP 1605548742 \
      FL C:/hlocal/otro/pcores/coprocesador_v1_00_a/hdl/vhdl/user_logic.vhd \
      EN coprocesador_v1_00_a/user_logic 1605548741
