Release 14.1 Map P.15xf (nt64)
Xilinx Map Application Log File for Design 'system1'

Design Information
------------------
Command Line   : map -o system1_map.ncd -pr b -ol high -timing -detail
system1.ngd system1.pcf 
Target Device  : xc3s1000
Target Package : ft256
Target Speed   : -5
Mapper Version : spartan3 -- $Revision: 1.55 $
Mapped Date    : Sat Feb 20 00:46:53 2021

vvvvvvvvvvvvvvvvvvvvvvvvvvvvvvvvvvvvvvvvvvvvvvvvvvvvvvvvvvvvvvvvvvvvvv
INFO:Security:54 - 'xc3s1000' is a WebPack part.
WARNING:Security:42 - Your software subscription period has lapsed. Your current
version of Xilinx tools will continue to function, but you no longer qualify for
Xilinx software updates or new releases.
----------------------------------------------------------------------
Mapping design into LUTs...
Writing file system1_map.ngm...
Running directed packing...
Running delay-based LUT packing...
Updating timing models...
Running timing-driven placement...
Total REAL time at the beginning of Placer: 25 secs 
Total CPU  time at the beginning of Placer: 9 secs 

Phase 1.1  Initial Placement Analysis
Phase 1.1  Initial Placement Analysis (Checksum:14b371e0) REAL time: 30 secs 

Phase 2.7  Design Feasibility Check
Phase 2.7  Design Feasibility Check (Checksum:14b371e0) REAL time: 30 secs 

Phase 3.31  Local Placement Optimization
Phase 3.31  Local Placement Optimization (Checksum:14b371e0) REAL time: 30 secs 

Phase 4.2  Initial Clock and IO Placement

Phase 4.2  Initial Clock and IO Placement (Checksum:ed0ce404) REAL time: 32 secs 

Phase 5.36  Local Placement Optimization
Phase 5.36  Local Placement Optimization (Checksum:ed0ce404) REAL time: 32 secs 

Phase 6.4  Local Placement Optimization
...................................
........................................
Phase 6.4  Local Placement Optimization (Checksum:ed0ce404) REAL time: 42 secs 

Phase 7.28  Local Placement Optimization
Phase 7.28  Local Placement Optimization (Checksum:ed0ce404) REAL time: 42 secs 

Phase 8.8  Global Placement
...................................
................................................................................
............
...........................................................................................
........................................................................................
..............................................................................................
Phase 8.8  Global Placement (Checksum:fa38ed61) REAL time: 1 mins 1 secs 

Phase 9.29  Local Placement Optimization
Phase 9.29  Local Placement Optimization (Checksum:fa38ed61) REAL time: 1 mins 1 secs 

Phase 10.5  Local Placement Optimization
Phase 10.5  Local Placement Optimization (Checksum:fa38ed61) REAL time: 1 mins 1 secs 

Phase 11.18  Placement Optimization
Phase 11.18  Placement Optimization (Checksum:584c2bf2) REAL time: 1 mins 37 secs 

Phase 12.5  Local Placement Optimization
Phase 12.5  Local Placement Optimization (Checksum:584c2bf2) REAL time: 1 mins 38 secs 

Total REAL time to Placer completion: 1 mins 39 secs 
Total CPU  time to Placer completion: 1 mins 5 secs 
Running post-placement packing...

Design Summary
--------------

Design Summary:
Number of errors:      0
Number of warnings:    0
Logic Utilization:
  Number of Slice Flip Flops:         1,616 out of  15,360   10%
  Number of 4 input LUTs:             2,802 out of  15,360   18%
Logic Distribution:
  Number of occupied Slices:          2,079 out of   7,680   27%
    Number of Slices containing only related logic:   2,079 out of   2,079 100%
    Number of Slices containing unrelated logic:          0 out of   2,079   0%
      *See NOTES below for an explanation of the effects of unrelated logic.
  Total Number of 4 input LUTs:       2,981 out of  15,360   19%
    Number used as logic:             2,334
    Number used as a route-thru:        179
    Number used for Dual Port RAMs:     384
      (Two LUTs used per Dual Port RAM)
    Number used as Shift registers:      84

  The Slice Logic Distribution report is not meaningful if the design is
  over-mapped for a non-slice resource or if Placement fails.

  Number of bonded IOBs:                 25 out of     173   14%
    IOB Flip Flops:                       5
  Number of RAMB16s:                     17 out of      24   70%
  Number of MULT18X18s:                   3 out of      24   12%
  Number of BUFGMUXs:                     2 out of       8   25%

Average Fanout of Non-Clock Nets:                3.84

Peak Memory Usage:  4508 MB
Total REAL time to MAP completion:  1 mins 45 secs 
Total CPU time to MAP completion:   1 mins 7 secs 

Mapping completed.
See MAP report file "system1_map.mrp" for details.
