AR user_logic imp C:/Users/baneg/Desktop/SE/practicas/P4/otro/pcores/pantalla_v1_00_a/hdl/vhdl/user_logic.vhd sub00/vhpl01 1606590598
AR pantalla imp C:/Users/baneg/Desktop/SE/practicas/P4/otro/pcores/pantalla_v1_00_a/hdl/vhdl/pantalla.vhd sub00/vhpl03 1606590600
EN user_logic NULL C:/Users/baneg/Desktop/SE/practicas/P4/otro/pcores/pantalla_v1_00_a/hdl/vhdl/user_logic.vhd sub00/vhpl00 1606590597
EN pantalla NULL C:/Users/baneg/Desktop/SE/practicas/P4/otro/pcores/pantalla_v1_00_a/hdl/vhdl/pantalla.vhd sub00/vhpl02 1606590599
