Release 14.1 - xst P.15xf (nt64)
Copyright (c) 1995-2012 Xilinx, Inc.  All rights reserved.
--> Parameter TMPDIR set to xst/projnav.tmp


Total REAL time to Xst completion: 0.00 secs
Total CPU time to Xst completion: 0.24 secs
 
--> Parameter xsthdpdir set to xst


Total REAL time to Xst completion: 0.00 secs
Total CPU time to Xst completion: 0.24 secs
 
--> Reading design: pantalla.prj

TABLE OF CONTENTS
  1) Synthesis Options Summary
  2) HDL Compilation
  3) Design Hierarchy Analysis
  4) HDL Analysis
  5) HDL Synthesis
     5.1) HDL Synthesis Report
  6) Advanced HDL Synthesis
     6.1) Advanced HDL Synthesis Report
  7) Low Level Synthesis
  8) Partition Report
  9) Final Report
	9.1) Device utilization summary
	9.2) Partition Resource Summary
	9.3) TIMING REPORT


=========================================================================
*                      Synthesis Options Summary                        *
=========================================================================
---- Source Parameters
Input File Name                    : "pantalla.prj"
Input Format                       : mixed
Ignore Synthesis Constraint File   : NO

---- Target Parameters
Output File Name                   : "pantalla"
Output Format                      : NGC
Target Device                      : xc3s1000-5-ft256

---- Source Options
Top Module Name                    : pantalla
Automatic FSM Extraction           : YES
FSM Encoding Algorithm             : Auto
Safe Implementation                : No
FSM Style                          : LUT
RAM Extraction                     : Yes
RAM Style                          : Auto
ROM Extraction                     : Yes
Mux Style                          : Auto
Decoder Extraction                 : YES
Priority Encoder Extraction        : Yes
Shift Register Extraction          : YES
Logical Shifter Extraction         : YES
XOR Collapsing                     : YES
ROM Style                          : Auto
Mux Extraction                     : Yes
Resource Sharing                   : YES
Asynchronous To Synchronous        : NO
Multiplier Style                   : Auto
Automatic Register Balancing       : No

---- Target Options
Add IO Buffers                     : YES
Global Maximum Fanout              : 100000
Add Generic Clock Buffer(BUFG)     : 8
Register Duplication               : YES
Slice Packing                      : YES
Optimize Instantiated Primitives   : NO
Use Clock Enable                   : Yes
Use Synchronous Set                : Yes
Use Synchronous Reset              : Yes
Pack IO Registers into IOBs        : Auto
Equivalent register Removal        : YES

---- General Options
Optimization Goal                  : Speed
Optimization Effort                : 1
Keep Hierarchy                     : No
Netlist Hierarchy                  : As_Optimized
RTL Output                         : Yes
Global Optimization                : AllClockNets
Read Cores                         : YES
Write Timing Constraints           : NO
Cross Clock Analysis               : NO
Hierarchy Separator                : /
Bus Delimiter                      : <>
Case Specifier                     : Maintain
Slice Utilization Ratio            : 100
BRAM Utilization Ratio             : 100
Verilog 2001                       : YES
Auto BRAM Packing                  : NO
Slice Utilization Ratio Delta      : 5

=========================================================================


=========================================================================
*                          HDL Compilation                              *
=========================================================================
Compiling vhdl file "C:/Xilinx/14.1/ISE_DS/EDK/hw/XilinxProcessorIPLib/pcores/proc_common_v3_00_a/hdl/vhdl/inferred_lut4.vhd" in Library proc_common_v3_00_a.
Entity <inferred_lut4> compiled.
Entity <inferred_lut4> (Architecture <implementation>) compiled.
Compiling vhdl file "C:/Xilinx/14.1/ISE_DS/EDK/hw/XilinxProcessorIPLib/pcores/proc_common_v3_00_a/hdl/vhdl/pf_counter_bit.vhd" in Library proc_common_v3_00_a.
Entity <pf_counter_bit> compiled.
Entity <pf_counter_bit> (Architecture <implementation>) compiled.
Compiling vhdl file "C:/Xilinx/14.1/ISE_DS/EDK/hw/XilinxProcessorIPLib/pcores/proc_common_v3_00_a/hdl/vhdl/pf_adder_bit.vhd" in Library proc_common_v3_00_a.
Entity <pf_adder_bit> compiled.
Entity <pf_adder_bit> (Architecture <implementation>) compiled.
Compiling vhdl file "C:/Xilinx/14.1/ISE_DS/EDK/hw/XilinxProcessorIPLib/pcores/proc_common_v3_00_a/hdl/vhdl/pf_counter.vhd" in Library proc_common_v3_00_a.
Entity <pf_counter> compiled.
Entity <pf_counter> (Architecture <implementation>) compiled.
Compiling vhdl file "C:/Xilinx/14.1/ISE_DS/EDK/hw/XilinxProcessorIPLib/pcores/proc_common_v3_00_a/hdl/vhdl/pf_occ_counter.vhd" in Library proc_common_v3_00_a.
Entity <pf_occ_counter> compiled.
Entity <pf_occ_counter> (Architecture <implementation>) compiled.
Compiling vhdl file "C:/Xilinx/14.1/ISE_DS/EDK/hw/XilinxProcessorIPLib/pcores/proc_common_v3_00_a/hdl/vhdl/proc_common_pkg.vhd" in Library proc_common_v3_00_a.
Package <proc_common_pkg> compiled.
Package body <proc_common_pkg> compiled.
Compiling vhdl file "C:/Xilinx/14.1/ISE_DS/EDK/hw/XilinxProcessorIPLib/pcores/proc_common_v3_00_a/hdl/vhdl/or_muxcy.vhd" in Library proc_common_v3_00_a.
Entity <or_muxcy> compiled.
Entity <or_muxcy> (Architecture <implementation>) compiled.
Compiling vhdl file "C:/Xilinx/14.1/ISE_DS/EDK/hw/XilinxProcessorIPLib/pcores/proc_common_v3_00_a/hdl/vhdl/family_support.vhd" in Library proc_common_v3_00_a.
Package <family_support> compiled.
Package body <family_support> compiled.
Compiling vhdl file "C:/Xilinx/14.1/ISE_DS/EDK/hw/XilinxProcessorIPLib/pcores/proc_common_v3_00_a/hdl/vhdl/pf_occ_counter_top.vhd" in Library proc_common_v3_00_a.
Entity <pf_occ_counter_top> compiled.
Entity <pf_occ_counter_top> (Architecture <implementation>) compiled.
Compiling vhdl file "C:/Xilinx/14.1/ISE_DS/EDK/hw/XilinxProcessorIPLib/pcores/proc_common_v3_00_a/hdl/vhdl/pf_counter_top.vhd" in Library proc_common_v3_00_a.
Entity <pf_counter_top> compiled.
Entity <pf_counter_top> (Architecture <implementation>) compiled.
Compiling vhdl file "C:/Xilinx/14.1/ISE_DS/EDK/hw/XilinxProcessorIPLib/pcores/proc_common_v3_00_a/hdl/vhdl/pf_adder.vhd" in Library proc_common_v3_00_a.
Entity <pf_adder> compiled.
Entity <pf_adder> (Architecture <implementation>) compiled.
Compiling vhdl file "C:/Xilinx/14.1/ISE_DS/EDK/hw/XilinxProcessorIPLib/pcores/proc_common_v3_00_a/hdl/vhdl/coregen_comp_defs.vhd" in Library proc_common_v3_00_a.
Package <coregen_comp_defs> compiled.
Compiling vhdl file "C:/Xilinx/14.1/ISE_DS/EDK/hw/XilinxProcessorIPLib/pcores/proc_common_v3_00_a/hdl/vhdl/counter_f.vhd" in Library proc_common_v3_00_a.
Entity <counter_f> compiled.
Entity <counter_f> (Architecture <imp>) compiled.
Compiling vhdl file "C:/Xilinx/14.1/ISE_DS/EDK/hw/XilinxProcessorIPLib/pcores/proc_common_v3_00_a/hdl/vhdl/blk_mem_gen_wrapper.vhd" in Library proc_common_v3_00_a.
Entity <blk_mem_gen_wrapper> compiled.
Entity <blk_mem_gen_wrapper> (Architecture <implementation>) compiled.
Compiling vhdl file "C:/Xilinx/14.1/ISE_DS/EDK/hw/XilinxProcessorIPLib/pcores/proc_common_v3_00_a/hdl/vhdl/srl16_fifo.vhd" in Library proc_common_v3_00_a.
Entity <srl16_fifo> compiled.
Entity <srl16_fifo> (Architecture <implementation>) compiled.
Compiling vhdl file "C:/Xilinx/14.1/ISE_DS/EDK/hw/XilinxProcessorIPLib/pcores/proc_common_v3_00_a/hdl/vhdl/pf_dpram_select.vhd" in Library proc_common_v3_00_a.
Entity <pf_dpram_select> compiled.
Entity <pf_dpram_select> (Architecture <implementation>) compiled.
Compiling vhdl file "C:/Xilinx/14.1/ISE_DS/EDK/hw/XilinxProcessorIPLib/pcores/proc_common_v3_00_a/hdl/vhdl/pselect_f.vhd" in Library proc_common_v3_00_a.
Entity <pselect_f> compiled.
Entity <pselect_f> (Architecture <imp>) compiled.
Compiling vhdl file "C:/Xilinx/14.1/ISE_DS/EDK/hw/XilinxProcessorIPLib/pcores/proc_common_v3_00_a/hdl/vhdl/or_gate128.vhd" in Library proc_common_v3_00_a.
Entity <or_gate128> compiled.
Entity <or_gate128> (Architecture <imp>) compiled.
Compiling vhdl file "C:/Xilinx/14.1/ISE_DS/EDK/hw/XilinxProcessorIPLib/pcores/proc_common_v3_00_a/hdl/vhdl/ipif_pkg.vhd" in Library proc_common_v3_00_a.
Package <ipif_pkg> compiled.
Package body <ipif_pkg> compiled.
Compiling vhdl file "C:/Xilinx/14.1/ISE_DS/EDK/hw/XilinxProcessorIPLib/pcores/plbv46_slave_single_v1_01_a/hdl/vhdl/plb_address_decoder.vhd" in Library plbv46_slave_single_v1_01_a.
Entity <plb_address_decoder> compiled.
Entity <plb_address_decoder> (Architecture <IMP>) compiled.
Compiling vhdl file "C:/Xilinx/14.1/ISE_DS/EDK/hw/XilinxProcessorIPLib/pcores/wrpfifo_v5_01_a/hdl/vhdl/pf_dly1_mux.vhd" in Library wrpfifo_v5_01_a.
Entity <pf_dly1_mux> compiled.
Entity <pf_dly1_mux> (Architecture <implementation>) compiled.
Compiling vhdl file "C:/Xilinx/14.1/ISE_DS/EDK/hw/XilinxProcessorIPLib/pcores/plbv46_slave_single_v1_01_a/hdl/vhdl/plb_slave_attachment.vhd" in Library plbv46_slave_single_v1_01_a.
Entity <plb_slave_attachment> compiled.
Entity <plb_slave_attachment> (Architecture <implementation>) compiled.
Compiling vhdl file "C:/Xilinx/14.1/ISE_DS/EDK/hw/XilinxProcessorIPLib/pcores/wrpfifo_v5_01_a/hdl/vhdl/ipif_control_wr_dre.vhd" in Library wrpfifo_v5_01_a.
Entity <ipif_control_wr_dre> compiled.
Entity <ipif_control_wr_dre> (Architecture <implementation>) compiled.
Compiling vhdl file "C:/Xilinx/14.1/ISE_DS/EDK/hw/XilinxProcessorIPLib/pcores/wrpfifo_v5_01_a/hdl/vhdl/wrpfifo_dp_cntl.vhd" in Library wrpfifo_v5_01_a.
Entity <wrpfifo_dp_cntl> compiled.
Entity <wrpfifo_dp_cntl> (Architecture <implementation>) compiled.
Compiling vhdl file "C:/Xilinx/14.1/ISE_DS/EDK/hw/XilinxProcessorIPLib/pcores/wrpfifo_v5_01_a/hdl/vhdl/blkmem_wrapper.vhd" in Library wrpfifo_v5_01_a.
Entity <blkmem_wrapper> compiled.
Entity <blkmem_wrapper> (Architecture <implementation>) compiled.
Compiling vhdl file "C:/Xilinx/14.1/ISE_DS/EDK/hw/XilinxProcessorIPLib/pcores/wrpfifo_v5_01_a/hdl/vhdl/wrpfifo_top.vhd" in Library wrpfifo_v5_01_a.
Entity <wrpfifo_top> compiled.
Entity <wrpfifo_top> (Architecture <implementation>) compiled.
Compiling vhdl file "C:/Xilinx/14.1/ISE_DS/EDK/hw/XilinxProcessorIPLib/pcores/plbv46_slave_single_v1_01_a/hdl/vhdl/plbv46_slave_single.vhd" in Library plbv46_slave_single_v1_01_a.
Entity <plbv46_slave_single> compiled.
Entity <plbv46_slave_single> (Architecture <implementation>) compiled.
Compiling vhdl file "C:/Users/baneg/Desktop/SE/practicas/P4/otro/pcores/pantalla_v1_00_a/hdl/vhdl/user_logic.vhd" in Library pantalla_v1_00_a.
Entity <user_logic> compiled.
Entity <user_logic> (Architecture <IMP>) compiled.
Compiling vhdl file "C:/Users/baneg/Desktop/SE/practicas/P4/otro/pcores/pantalla_v1_00_a/hdl/vhdl/pantalla.vhd" in Library pantalla_v1_00_a.
Entity <pantalla> compiled.
Entity <pantalla> (Architecture <IMP>) compiled.

=========================================================================
*                     Design Hierarchy Analysis                         *
=========================================================================
Analyzing hierarchy for entity <pantalla> in library <pantalla_v1_00_a> (architecture <IMP>) with generics.
	C_BASEADDR = "11111111111111111111111111111111"
	C_FAMILY = "virtex6"
	C_HIGHADDR = "00000000000000000000000000000000"
	C_INCLUDE_DPHASE_TIMER = 0
	C_SPLB_AWIDTH = 32
	C_SPLB_CLK_PERIOD_PS = 10000
	C_SPLB_DWIDTH = 128
	C_SPLB_MID_WIDTH = 3
	C_SPLB_NATIVE_DWIDTH = 32
	C_SPLB_NUM_MASTERS = 8
	C_SPLB_P2P = 0
	C_SPLB_SMALLEST_MASTER = 32
	C_SPLB_SUPPORT_BURSTS = 0
WARNING:Xst:821 - "C:/Xilinx/14.1/ISE_DS/EDK/hw/XilinxProcessorIPLib/pcores/proc_common_v3_00_a/hdl/vhdl/proc_common_pkg.vhd" line 272: Loop body will iterate zero times

Analyzing hierarchy for entity <plbv46_slave_single> in library <plbv46_slave_single_v1_01_a> (architecture <implementation>) with generics.
	C_ARD_ADDR_RANGE_ARRAY = ("0000000000000000000000000000000011111111111111111111111111111111",
	                          "0000000000000000000000000000000011111111111111111111111111111111",
	                          "0000000000000000000000000000000011111111111111111111111111111111",
	                          "0000000000000000000000000000000011111111111111111111111111111111",
	                          "0000000000000000000000000000000011111111111111111111111111111111",
	                          "0000000000000000000000000000000011111111111111111111111111111111")
	C_ARD_NUM_CE_ARRAY = (1,4,1)
	C_BUS2CORE_CLK_RATIO = 1
	C_FAMILY = "virtex6"
	C_INCLUDE_DPHASE_TIMER = 0
	C_SIPIF_DWIDTH = 32
	C_SPLB_AWIDTH = 32
	C_SPLB_DWIDTH = 128
	C_SPLB_MID_WIDTH = 3
	C_SPLB_NUM_MASTERS = 8
	C_SPLB_P2P = 0

Analyzing hierarchy for entity <wrpfifo_top> in library <wrpfifo_v5_01_a> (architecture <implementation>) with generics.
	C_BLOCK_ID = 0
	C_FAMILY = "virtex6"
	C_FIFO_DEPTH_LOG2X = 9
	C_FIFO_WIDTH = 32
	C_INCLUDE_PACKET_MODE = false
	C_INCLUDE_VACANCY = false
	C_IPIF_DBUS_WIDTH = 32
	C_MIR_ENABLE = false
	C_NUM_REG_CE = 4
	C_OPB_PROTOCOL = false
	C_SUPPORT_BURST = false

Analyzing hierarchy for entity <user_logic> in library <pantalla_v1_00_a> (architecture <IMP>) with generics.
	C_NUM_REG = 1
	C_SLV_DWIDTH = 32

Analyzing hierarchy for entity <plb_slave_attachment> in library <plbv46_slave_single_v1_01_a> (architecture <implementation>) with generics.
	C_ARD_ADDR_RANGE_ARRAY = ("0000000000000000000000000000000011111111111111111111111111111111",
	                          "0000000000000000000000000000000011111111111111111111111111111111",
	                          "0000000000000000000000000000000011111111111111111111111111111111",
	                          "0000000000000000000000000000000011111111111111111111111111111111",
	                          "0000000000000000000000000000000011111111111111111111111111111111",
	                          "0000000000000000000000000000000011111111111111111111111111111111")
	C_ARD_NUM_CE_ARRAY = (1,4,1)
	C_BUS2CORE_CLK_RATIO = 1
	C_DPHASE_TIMEOUT = 128
	C_FAMILY = "virtex6"
	C_INCLUDE_DPHASE_TIMER = 0
	C_IPIF_ABUS_WIDTH = 32
	C_IPIF_DBUS_WIDTH = 32
	C_PLB_MID_WIDTH = 3
	C_PLB_NUM_MASTERS = 8
	C_SPLB_P2P = 0

Analyzing hierarchy for entity <ipif_control_wr_dre> in library <wrpfifo_v5_01_a> (architecture <implementation>) with generics.
	C_BLOCK_ID = 0
	C_DP_ADDRESS_WIDTH = 9
	C_FAMILY = "virtex6"
	C_FIFO_WIDTH = 32
	C_INTFC_TYPE = 3
	C_IPIF_DBUS_WIDTH = 32
	C_MIR_ENABLE = false
	C_NUM_REG_CE = 4
	C_OPB_PROTOCOL = false
	C_SUPPORT_BURST = false
	C_VERSION_MAJOR = 5
	C_VERSION_MINOR = 1
	C_VERSION_REV = 0

Analyzing hierarchy for entity <wrpfifo_dp_cntl> in library <wrpfifo_v5_01_a> (architecture <implementation>) with generics.
	C_DP_ADDRESS_WIDTH = 9
	C_INCLUDE_PACKET_MODE = false
	C_INCLUDE_VACANCY = false

Analyzing hierarchy for entity <blkmem_wrapper> in library <wrpfifo_v5_01_a> (architecture <implementation>) with generics.
	C_ADDR_WIDTH = 9
	C_DATA_WIDTH = 32
	C_FAMILY = "virtex6"

Analyzing hierarchy for entity <plb_address_decoder> in library <plbv46_slave_single_v1_01_a> (architecture <IMP>) with generics.
	C_ARD_ADDR_RANGE_ARRAY = ("0000000000000000000000000000000011111111111111111111111111111111",
	                          "0000000000000000000000000000000011111111111111111111111111111111",
	                          "0000000000000000000000000000000011111111111111111111111111111111",
	                          "0000000000000000000000000000000011111111111111111111111111111111",
	                          "0000000000000000000000000000000011111111111111111111111111111111",
	                          "0000000000000000000000000000000011111111111111111111111111111111")
	C_ARD_NUM_CE_ARRAY = (1,4,1)
	C_BUS_AWIDTH = 32
	C_FAMILY = "nofamily"
	C_SPLB_P2P = 0

Analyzing hierarchy for entity <pf_dly1_mux> in library <wrpfifo_v5_01_a> (architecture <implementation>) with generics.
	C_MUX_WIDTH = 12

Analyzing hierarchy for entity <pf_occ_counter_top> in library <proc_common_v3_00_a> (architecture <implementation>) with generics.
	C_COUNT_WIDTH = 10

Analyzing hierarchy for entity <pf_counter_top> in library <proc_common_v3_00_a> (architecture <implementation>) with generics.
	C_COUNT_WIDTH = 9

Analyzing hierarchy for entity <blk_mem_gen_wrapper> in library <proc_common_v3_00_a> (architecture <implementation>) with generics.
	c_addra_width = 9
	c_addrb_width = 9
	c_algorithm = 1
	c_byte_size = 8
	c_common_clk = 1
	c_default_data = "0"
	c_disable_warn_bhv_coll = 0
	c_disable_warn_bhv_range = 0
	c_family = "virtex6"
	c_has_ena = 1
	c_has_enb = 1
	c_has_mem_output_regs_a = 0
	c_has_mem_output_regs_b = 0
	c_has_mux_output_regs_a = 0
	c_has_mux_output_regs_b = 0
	c_has_regcea = 0
	c_has_regceb = 0
	c_has_ssra = 0
	c_has_ssrb = 0
	c_init_file_name = "no_coe_file_loaded"
	c_load_init_file = 0
	c_mem_type = 2
	c_mux_pipeline_stages = 0
	c_prim_type = 5
	c_read_depth_a = 512
	c_read_depth_b = 512
	c_read_width_a = 32
	c_read_width_b = 32
	c_sim_collision_check = "All"
	c_sinita_val = "0"
	c_sinitb_val = "0"
	c_use_byte_wea = 0
	c_use_byte_web = 0
	c_use_default_data = 0
	c_use_ecc = 0
	c_use_ramb16bwer_rst_bhv = 0
	c_wea_width = 1
	c_web_width = 1
	c_write_depth_a = 512
	c_write_depth_b = 512
	c_write_mode_a = "WRITE_FIRST"
	c_write_mode_b = "WRITE_FIRST"
	c_write_width_a = 32
	c_write_width_b = 32
	c_xdevicefamily = "virtex6"

Analyzing hierarchy for entity <pselect_f> in library <proc_common_v3_00_a> (architecture <imp>) with generics.
	C_AB = 32
	C_AW = 32
	C_BAR = "11111111111111111111111111111111"
	C_FAMILY = "nofamily"

Analyzing hierarchy for entity <pselect_f> in library <proc_common_v3_00_a> (architecture <imp>) with generics.
	C_AB = 2
	C_AW = 2
	C_BAR = "00"
	C_FAMILY = "nofamily"

Analyzing hierarchy for entity <pselect_f> in library <proc_common_v3_00_a> (architecture <imp>) with generics.
	C_AB = 2
	C_AW = 2
	C_BAR = "01"
	C_FAMILY = "nofamily"

Analyzing hierarchy for entity <pselect_f> in library <proc_common_v3_00_a> (architecture <imp>) with generics.
	C_AB = 2
	C_AW = 2
	C_BAR = "10"
	C_FAMILY = "nofamily"

Analyzing hierarchy for entity <pselect_f> in library <proc_common_v3_00_a> (architecture <imp>) with generics.
	C_AB = 2
	C_AW = 2
	C_BAR = "11"
	C_FAMILY = "nofamily"

Analyzing hierarchy for entity <or_gate128> in library <proc_common_v3_00_a> (architecture <imp>) with generics.
	C_BUS_WIDTH = 1
	C_OR_WIDTH = 3
	C_USE_LUT_OR = false

Analyzing hierarchy for entity <pf_occ_counter> in library <proc_common_v3_00_a> (architecture <implementation>) with generics.
	C_COUNT_WIDTH = 10

Analyzing hierarchy for entity <pf_counter> in library <proc_common_v3_00_a> (architecture <implementation>) with generics.
	C_COUNT_WIDTH = 9

Analyzing hierarchy for entity <or_muxcy> in library <proc_common_v3_00_a> (architecture <implementation>) with generics.
	C_NUM_BITS = 3

Analyzing hierarchy for entity <pf_counter_bit> in library <proc_common_v3_00_a> (architecture <implementation>).

Analyzing hierarchy for entity <inferred_lut4> in library <proc_common_v3_00_a> (architecture <implementation>) with generics.
	INIT = "0011011011000110"


=========================================================================
*                            HDL Analysis                               *
=========================================================================
Analyzing generic Entity <pantalla> in library <pantalla_v1_00_a> (Architecture <IMP>).
	C_BASEADDR = "11111111111111111111111111111111"
	C_FAMILY = "virtex6"
	C_HIGHADDR = "00000000000000000000000000000000"
	C_INCLUDE_DPHASE_TIMER = 0
	C_SPLB_AWIDTH = 32
	C_SPLB_CLK_PERIOD_PS = 10000
	C_SPLB_DWIDTH = 128
	C_SPLB_MID_WIDTH = 3
	C_SPLB_NATIVE_DWIDTH = 32
	C_SPLB_NUM_MASTERS = 8
	C_SPLB_P2P = 0
	C_SPLB_SMALLEST_MASTER = 32
	C_SPLB_SUPPORT_BURSTS = 0
