AR altavozumbador imp C:/Users/baneg/Desktop/p3.C/otro/pcores/altavozumbador_v1_00_a/hdl/vhdl/altavozumbador.vhd sub00/vhpl03 1613571868
AR user_logic imp C:/Users/baneg/Desktop/p3.C/otro/pcores/altavozumbador_v1_00_a/hdl/vhdl/user_logic.vhd sub00/vhpl01 1613576476
EN user_logic NULL C:/Users/baneg/Desktop/p3.C/otro/pcores/altavozumbador_v1_00_a/hdl/vhdl/user_logic.vhd sub00/vhpl00 1613576475
EN altavozumbador NULL C:/Users/baneg/Desktop/p3.C/otro/pcores/altavozumbador_v1_00_a/hdl/vhdl/altavozumbador.vhd sub00/vhpl02 1613571867
