V3 15
FL C:/Users/baneg/Desktop/SE/p1/debouncer.vhd 2014/07/18.19:26:22 P.15xf
EN work/debouncer 1603048441 FL C:/Users/baneg/Desktop/SE/p1/debouncer.vhd \
      PB ieee/std_logic_1164 1335251622 PB ieee/STD_LOGIC_UNSIGNED 1335251625
AR work/debouncer/debouncerArch 1603048442 \
      FL C:/Users/baneg/Desktop/SE/p1/debouncer.vhd EN work/debouncer 1603048441
FL C:/Users/baneg/Desktop/SE/p1/divisor1Hz.vhd 2020/10/18.01:40:46 P.15xf
EN work/divisor1 1603048439 FL C:/Users/baneg/Desktop/SE/p1/divisor1Hz.vhd \
      PB ieee/std_logic_1164 1335251622 PB ieee/STD_LOGIC_UNSIGNED 1335251625
AR work/divisor1/divisor1_arch 1603048440 \
      FL C:/Users/baneg/Desktop/SE/p1/divisor1Hz.vhd EN work/divisor1 1603048439
FL C:/Users/baneg/Desktop/SE/p1/prueba.vhd 2020/10/18.21:13:53 P.15xf
EN work/prueba 1603048445 FL C:/Users/baneg/Desktop/SE/p1/prueba.vhd \
      PB ieee/std_logic_1164 1335251622 PB ieee/STD_LOGIC_UNSIGNED 1335251625 \
      PB ieee/std_logic_arith 1335251623
AR work/prueba/Behavioral 1603048446 \
      FL C:/Users/baneg/Desktop/SE/p1/prueba.vhd EN work/prueba 1603048445 \
      CP divisor1 CP debouncer CP contador
FL C:/Users/baneg/Desktop/SE/practicas/p1/contador.vhd 2020/10/18.14:39:31 P.15xf
EN work/contador 1603048443 \
      FL C:/Users/baneg/Desktop/SE/practicas/p1/contador.vhd \
      PB ieee/std_logic_1164 1335251622 PB ieee/NUMERIC_STD 1335251627
AR work/contador/rtl 1603048444 \
      FL C:/Users/baneg/Desktop/SE/practicas/p1/contador.vhd EN work/contador 1603048443
